2026-02-21 20:41:06,136 - test_user: Hello, world!
2026-02-21 20:41:06,136 - test_user: Hello, world!
2026-02-21 20:54:57,191 - test_user: Hello, world!
2026-02-21 20:54:57,191 - test_user: Hello, world!
2026-02-21 20:54:57,211 - alice: hi
2026-02-21 20:54:57,211 - alice: hi
2026-02-21 20:54:57,211 - alice: hi
2026-02-21 20:54:57,211 - alice: hi
2026-02-21 20:54:57,214 - bob: bye
2026-02-21 20:54:57,214 - bob: bye
2026-02-21 20:54:57,214 - bob: bye
2026-02-21 20:54:57,214 - bob: bye
2026-02-21 20:57:03,259 - test_user: Hello, world!
2026-02-21 20:57:03,259 - test_user: Hello, world!
2026-02-21 20:57:03,272 - alice: hi
2026-02-21 20:57:03,272 - alice: hi
2026-02-21 20:57:03,272 - alice: hi
2026-02-21 20:57:03,272 - alice: hi
2026-02-21 20:57:03,276 - bob: bye
2026-02-21 20:57:03,276 - bob: bye
2026-02-21 20:57:03,276 - bob: bye
2026-02-21 20:57:03,276 - bob: bye
2026-02-21 20:59:43,713 - test_user: Hello, world!
2026-02-21 20:59:43,713 - test_user: Hello, world!
2026-02-21 20:59:43,725 - alice: hi
2026-02-21 20:59:43,725 - alice: hi
2026-02-21 20:59:43,725 - alice: hi
2026-02-21 20:59:43,725 - alice: hi
2026-02-21 20:59:43,727 - bob: bye
2026-02-21 20:59:43,727 - bob: bye
2026-02-21 20:59:43,727 - bob: bye
2026-02-21 20:59:43,727 - bob: bye
2026-02-21 21:00:10,830 - test_user: Hello, world!
2026-02-21 21:00:10,830 - test_user: Hello, world!
2026-02-21 21:00:10,843 - alice: hi
2026-02-21 21:00:10,843 - alice: hi
2026-02-21 21:00:10,843 - alice: hi
2026-02-21 21:00:10,843 - alice: hi
2026-02-21 21:00:10,846 - bob: bye
2026-02-21 21:00:10,846 - bob: bye
2026-02-21 21:00:10,846 - bob: bye
2026-02-21 21:00:10,846 - bob: bye
2026-02-21 21:00:39,119 - test_user: Hello, world!
2026-02-21 21:00:39,119 - test_user: Hello, world!
2026-02-21 21:00:39,133 - alice: hi
2026-02-21 21:00:39,133 - alice: hi
2026-02-21 21:00:39,133 - alice: hi
2026-02-21 21:00:39,133 - alice: hi
2026-02-21 21:00:39,136 - bob: bye
2026-02-21 21:00:39,136 - bob: bye
2026-02-21 21:00:39,136 - bob: bye
2026-02-21 21:00:39,136 - bob: bye
2026-02-21 21:08:31,578 - test_user: Hello, world!
2026-02-21 21:08:31,578 - test_user: Hello, world!
2026-02-21 21:08:31,592 - alice: hi
2026-02-21 21:08:31,592 - alice: hi
2026-02-21 21:08:31,592 - alice: hi
2026-02-21 21:08:31,592 - alice: hi
2026-02-21 21:08:31,595 - bob: bye
2026-02-21 21:08:31,595 - bob: bye
2026-02-21 21:08:31,595 - bob: bye
2026-02-21 21:08:31,595 - bob: bye
2026-02-21 21:16:38,343 - test_user: Hello, world!
2026-02-21 21:16:38,343 - test_user: Hello, world!
2026-02-21 21:16:38,358 - carl: hola
2026-02-21 21:16:38,358 - carl: hola
2026-02-21 21:16:38,358 - carl: hola
2026-02-21 21:16:38,358 - carl: hola
2026-02-21 21:16:38,358 - dana: bye
2026-02-21 21:16:38,358 - dana: bye
2026-02-21 21:16:38,358 - dana: bye
2026-02-21 21:16:38,358 - dana: bye
2026-02-21 21:16:38,375 - alice: hi
2026-02-21 21:16:38,375 - alice: hi
2026-02-21 21:16:38,375 - alice: hi
2026-02-21 21:16:38,375 - alice: hi
2026-02-21 21:16:38,378 - bob: bye
2026-02-21 21:16:38,378 - bob: bye
2026-02-21 21:16:38,378 - bob: bye
2026-02-21 21:16:38,378 - bob: bye
2026-02-21 21:22:49,449 - test_user: Hello, world!
2026-02-21 21:22:49,449 - test_user: Hello, world!
2026-02-21 21:22:49,470 - carl: hola
2026-02-21 21:22:49,470 - carl: hola
2026-02-21 21:22:49,470 - carl: hola
2026-02-21 21:22:49,470 - carl: hola
2026-02-21 21:22:49,471 - dana: bye
2026-02-21 21:22:49,471 - dana: bye
2026-02-21 21:22:49,471 - dana: bye
2026-02-21 21:22:49,471 - dana: bye
2026-02-21 21:22:49,473 - alice: hi
2026-02-21 21:22:49,473 - alice: hi
2026-02-21 21:22:49,473 - alice: hi
2026-02-21 21:22:49,473 - alice: hi
2026-02-21 21:22:49,477 - bob: bye
2026-02-21 21:22:49,477 - bob: bye
2026-02-21 21:22:49,477 - bob: bye
2026-02-21 21:22:49,477 - bob: bye
2026-02-21 21:31:35,114 - test_user: Hello, world!
2026-02-21 21:31:35,114 - test_user: Hello, world!
2026-02-21 21:31:35,136 - carl: hola
2026-02-21 21:31:35,136 - carl: hola
2026-02-21 21:31:35,136 - carl: hola
2026-02-21 21:31:35,136 - carl: hola
2026-02-21 21:31:35,136 - carl: hola
2026-02-21 21:31:35,136 - dana: bye
2026-02-21 21:31:35,136 - dana: bye
2026-02-21 21:31:35,136 - dana: bye
2026-02-21 21:31:35,136 - dana: bye
2026-02-21 21:31:35,136 - dana: bye
2026-02-21 21:31:35,139 - alice: hi
2026-02-21 21:31:35,139 - alice: hi
2026-02-21 21:31:35,139 - alice: hi
2026-02-21 21:31:35,139 - alice: hi
2026-02-21 21:31:35,139 - alice: hi
2026-02-21 21:31:35,144 - bob: bye
2026-02-21 21:31:35,144 - bob: bye
2026-02-21 21:31:35,144 - bob: bye
2026-02-21 21:31:35,144 - bob: bye
2026-02-21 21:31:35,144 - bob: bye
2026-02-21 21:31:59,715 - test_user: Hello, world!
2026-02-21 21:31:59,715 - test_user: Hello, world!
2026-02-21 21:31:59,733 - carl: hola
2026-02-21 21:31:59,733 - carl: hola
2026-02-21 21:31:59,733 - carl: hola
2026-02-21 21:31:59,733 - carl: hola
2026-02-21 21:31:59,733 - carl: hola
2026-02-21 21:31:59,733 - dana: bye
2026-02-21 21:31:59,733 - dana: bye
2026-02-21 21:31:59,733 - dana: bye
2026-02-21 21:31:59,733 - dana: bye
2026-02-21 21:31:59,733 - dana: bye
2026-02-21 21:31:59,735 - alice: hi
2026-02-21 21:31:59,735 - alice: hi
2026-02-21 21:31:59,735 - alice: hi
2026-02-21 21:31:59,735 - alice: hi
2026-02-21 21:31:59,735 - alice: hi
2026-02-21 21:31:59,737 - bob: bye
2026-02-21 21:31:59,737 - bob: bye
2026-02-21 21:31:59,737 - bob: bye
2026-02-21 21:31:59,737 - bob: bye
2026-02-21 21:31:59,737 - bob: bye
2026-02-21 21:39:08,364 - test_user: Hello, world!
2026-02-21 21:39:08,364 - test_user: Hello, world!
2026-02-21 21:39:08,399 - carl: hola
2026-02-21 21:39:08,399 - carl: hola
2026-02-21 21:39:08,399 - carl: hola
2026-02-21 21:39:08,399 - carl: hola
2026-02-21 21:39:08,399 - carl: hola
2026-02-21 21:39:08,399 - dana: bye
2026-02-21 21:39:08,399 - dana: bye
2026-02-21 21:39:08,399 - dana: bye
2026-02-21 21:39:08,399 - dana: bye
2026-02-21 21:39:08,399 - dana: bye
2026-02-21 21:39:46,987 - test_user: Hello, world!
2026-02-21 21:39:46,987 - test_user: Hello, world!
2026-02-21 21:39:47,006 - carl: hola
2026-02-21 21:39:47,006 - carl: hola
2026-02-21 21:39:47,006 - carl: hola
2026-02-21 21:39:47,006 - carl: hola
2026-02-21 21:39:47,006 - carl: hola
2026-02-21 21:39:47,007 - dana: bye
2026-02-21 21:39:47,007 - dana: bye
2026-02-21 21:39:47,007 - dana: bye
2026-02-21 21:39:47,007 - dana: bye
2026-02-21 21:39:47,007 - dana: bye
2026-02-21 21:39:47,009 - alice: hi
2026-02-21 21:39:47,009 - alice: hi
2026-02-21 21:39:47,009 - alice: hi
2026-02-21 21:39:47,009 - alice: hi
2026-02-21 21:39:47,009 - alice: hi
2026-02-21 21:39:47,012 - bob: bye
2026-02-21 21:39:47,012 - bob: bye
2026-02-21 21:39:47,012 - bob: bye
2026-02-21 21:39:47,012 - bob: bye
2026-02-21 21:39:47,012 - bob: bye
2026-02-21 21:46:55,947 - test_user: Hello, world!
2026-02-21 21:46:55,947 - test_user: Hello, world!
2026-02-21 21:46:55,965 - carl: hola
2026-02-21 21:46:55,965 - carl: hola
2026-02-21 21:46:55,965 - carl: hola
2026-02-21 21:46:55,965 - carl: hola
2026-02-21 21:46:55,965 - carl: hola
2026-02-21 21:46:55,965 - dana: bye
2026-02-21 21:46:55,965 - dana: bye
2026-02-21 21:46:55,965 - dana: bye
2026-02-21 21:46:55,965 - dana: bye
2026-02-21 21:46:55,965 - dana: bye
2026-02-21 21:46:55,967 - alice: hi
2026-02-21 21:46:55,967 - alice: hi
2026-02-21 21:46:55,967 - alice: hi
2026-02-21 21:46:55,967 - alice: hi
2026-02-21 21:46:55,967 - alice: hi
2026-02-21 21:46:55,969 - bob: bye
2026-02-21 21:46:55,969 - bob: bye
2026-02-21 21:46:55,969 - bob: bye
2026-02-21 21:46:55,969 - bob: bye
2026-02-21 21:46:55,969 - bob: bye
2026-02-21 21:56:11,007 - test_user: Hello, world!
2026-02-21 21:56:11,007 - test_user: Hello, world!
2026-02-21 21:56:11,035 - carl: hola
2026-02-21 21:56:11,035 - carl: hola
2026-02-21 21:56:11,035 - carl: hola
2026-02-21 21:56:11,035 - carl: hola
2026-02-21 21:56:11,035 - carl: hola
2026-02-21 21:56:11,035 - dana: bye
2026-02-21 21:56:11,035 - dana: bye
2026-02-21 21:56:11,035 - dana: bye
2026-02-21 21:56:11,035 - dana: bye
2026-02-21 21:56:11,035 - dana: bye
2026-02-21 21:57:13,744 - test_user: Hello, world!
2026-02-21 21:57:13,744 - test_user: Hello, world!
2026-02-21 21:57:13,764 - carl: hola
2026-02-21 21:57:13,764 - carl: hola
2026-02-21 21:57:13,764 - carl: hola
2026-02-21 21:57:13,764 - carl: hola
2026-02-21 21:57:13,764 - carl: hola
2026-02-21 21:57:13,765 - dana: bye
2026-02-21 21:57:13,765 - dana: bye
2026-02-21 21:57:13,765 - dana: bye
2026-02-21 21:57:13,765 - dana: bye
2026-02-21 21:57:13,765 - dana: bye
2026-02-21 21:57:13,768 - alice: hi
2026-02-21 21:57:13,768 - alice: hi
2026-02-21 21:57:13,768 - alice: hi
2026-02-21 21:57:13,768 - alice: hi
2026-02-21 21:57:13,768 - alice: hi
2026-02-21 21:57:13,772 - bob: bye
2026-02-21 21:57:13,772 - bob: bye
2026-02-21 21:57:13,772 - bob: bye
2026-02-21 21:57:13,772 - bob: bye
2026-02-21 21:57:13,772 - bob: bye
2026-02-21 21:57:33,608 - test_user: Hello, world!
2026-02-21 21:57:33,608 - test_user: Hello, world!
2026-02-21 21:57:33,629 - carl: hola
2026-02-21 21:57:33,629 - carl: hola
2026-02-21 21:57:33,629 - carl: hola
2026-02-21 21:57:33,629 - carl: hola
2026-02-21 21:57:33,629 - carl: hola
2026-02-21 21:57:33,630 - dana: bye
2026-02-21 21:57:33,630 - dana: bye
2026-02-21 21:57:33,630 - dana: bye
2026-02-21 21:57:33,630 - dana: bye
2026-02-21 21:57:33,630 - dana: bye
2026-02-21 21:57:33,631 - alice: hi
2026-02-21 21:57:33,631 - alice: hi
2026-02-21 21:57:33,631 - alice: hi
2026-02-21 21:57:33,631 - alice: hi
2026-02-21 21:57:33,631 - alice: hi
2026-02-21 21:57:33,635 - bob: bye
2026-02-21 21:57:33,635 - bob: bye
2026-02-21 21:57:33,635 - bob: bye
2026-02-21 21:57:33,635 - bob: bye
2026-02-21 21:57:33,635 - bob: bye
2026-02-21 22:00:38,401 - test_user: Hello, world!
2026-02-21 22:00:38,401 - test_user: Hello, world!
2026-02-21 22:00:38,425 - carl: hola
2026-02-21 22:00:38,425 - carl: hola
2026-02-21 22:00:38,425 - carl: hola
2026-02-21 22:00:38,425 - carl: hola
2026-02-21 22:00:38,425 - carl: hola
2026-02-21 22:00:38,425 - dana: bye
2026-02-21 22:00:38,425 - dana: bye
2026-02-21 22:00:38,425 - dana: bye
2026-02-21 22:00:38,425 - dana: bye
2026-02-21 22:00:38,425 - dana: bye
2026-02-21 22:00:38,427 - alice: hi
2026-02-21 22:00:38,427 - alice: hi
2026-02-21 22:00:38,427 - alice: hi
2026-02-21 22:00:38,427 - alice: hi
2026-02-21 22:00:38,427 - alice: hi
2026-02-21 22:00:38,430 - bob: bye
2026-02-21 22:00:38,430 - bob: bye
2026-02-21 22:00:38,430 - bob: bye
2026-02-21 22:00:38,430 - bob: bye
2026-02-21 22:00:38,430 - bob: bye
2026-02-21 22:13:07,381 - test_user: Hello, world!
2026-02-21 22:13:07,381 - test_user: Hello, world!
2026-02-21 22:13:07,411 - carl: hola
2026-02-21 22:13:07,411 - carl: hola
2026-02-21 22:13:07,411 - carl: hola
2026-02-21 22:13:07,411 - carl: hola
2026-02-21 22:13:07,411 - carl: hola
2026-02-21 22:13:07,411 - dana: bye
2026-02-21 22:13:07,411 - dana: bye
2026-02-21 22:13:07,411 - dana: bye
2026-02-21 22:13:07,411 - dana: bye
2026-02-21 22:13:07,411 - dana: bye
2026-02-21 22:13:07,428 - alice: hi
2026-02-21 22:13:07,428 - alice: hi
2026-02-21 22:13:07,428 - alice: hi
2026-02-21 22:13:07,428 - alice: hi
2026-02-21 22:13:07,428 - alice: hi
2026-02-21 22:13:07,432 - bob: bye
2026-02-21 22:13:07,432 - bob: bye
2026-02-21 22:13:07,432 - bob: bye
2026-02-21 22:13:07,432 - bob: bye
2026-02-21 22:13:07,432 - bob: bye
2026-02-21 22:23:13,548 - test_user: Hello, world!
2026-02-21 22:23:13,548 - test_user: Hello, world!
2026-02-21 22:23:13,610 - carl: hola
2026-02-21 22:23:13,610 - carl: hola
2026-02-21 22:23:13,610 - carl: hola
2026-02-21 22:23:13,610 - carl: hola
2026-02-21 22:23:13,610 - carl: hola
2026-02-21 22:23:13,611 - dana: bye
2026-02-21 22:23:13,611 - dana: bye
2026-02-21 22:23:13,611 - dana: bye
2026-02-21 22:23:13,611 - dana: bye
2026-02-21 22:23:13,611 - dana: bye
2026-02-21 22:23:13,617 - alice: hi
2026-02-21 22:23:13,617 - alice: hi
2026-02-21 22:23:13,617 - alice: hi
2026-02-21 22:23:13,617 - alice: hi
2026-02-21 22:23:13,617 - alice: hi
2026-02-21 22:23:13,626 - bob: bye
2026-02-21 22:23:13,626 - bob: bye
2026-02-21 22:23:13,626 - bob: bye
2026-02-21 22:23:13,626 - bob: bye
2026-02-21 22:23:13,626 - bob: bye
2026-02-21 22:23:56,549 - test_user: Hello, world!
2026-02-21 22:23:56,549 - test_user: Hello, world!
2026-02-21 22:23:56,570 - carl: hola
2026-02-21 22:23:56,570 - carl: hola
2026-02-21 22:23:56,570 - carl: hola
2026-02-21 22:23:56,570 - carl: hola
2026-02-21 22:23:56,570 - carl: hola
2026-02-21 22:23:56,571 - dana: bye
2026-02-21 22:23:56,571 - dana: bye
2026-02-21 22:23:56,571 - dana: bye
2026-02-21 22:23:56,571 - dana: bye
2026-02-21 22:23:56,571 - dana: bye
2026-02-21 22:23:56,572 - alice: hi
2026-02-21 22:23:56,572 - alice: hi
2026-02-21 22:23:56,572 - alice: hi
2026-02-21 22:23:56,572 - alice: hi
2026-02-21 22:23:56,572 - alice: hi
2026-02-21 22:23:56,575 - bob: bye
2026-02-21 22:23:56,575 - bob: bye
2026-02-21 22:23:56,575 - bob: bye
2026-02-21 22:23:56,575 - bob: bye
2026-02-21 22:23:56,575 - bob: bye
2026-02-21 23:36:24,704 - test_user: Hello, world!
2026-02-21 23:36:24,704 - test_user: Hello, world!
2026-02-21 23:36:24,744 - carl: hola
2026-02-21 23:36:24,744 - carl: hola
2026-02-21 23:36:24,744 - carl: hola
2026-02-21 23:36:24,744 - carl: hola
2026-02-21 23:36:24,744 - carl: hola
2026-02-21 23:36:24,745 - dana: bye
2026-02-21 23:36:24,745 - dana: bye
2026-02-21 23:36:24,745 - dana: bye
2026-02-21 23:36:24,745 - dana: bye
2026-02-21 23:36:24,745 - dana: bye
2026-02-21 23:36:24,748 - alice: hi
2026-02-21 23:36:24,748 - alice: hi
2026-02-21 23:36:24,748 - alice: hi
2026-02-21 23:36:24,748 - alice: hi
2026-02-21 23:36:24,748 - alice: hi
2026-02-21 23:36:24,752 - bob: bye
2026-02-21 23:36:24,752 - bob: bye
2026-02-21 23:36:24,752 - bob: bye
2026-02-21 23:36:24,752 - bob: bye
2026-02-21 23:36:24,752 - bob: bye
2026-02-21 23:45:15,937 - test_user: Hello, world!
2026-02-21 23:45:15,937 - test_user: Hello, world!
2026-02-21 23:45:15,971 - carl: hola
2026-02-21 23:45:15,971 - carl: hola
2026-02-21 23:45:15,971 - carl: hola
2026-02-21 23:45:15,971 - carl: hola
2026-02-21 23:45:15,971 - carl: hola
2026-02-21 23:45:15,971 - dana: bye
2026-02-21 23:45:15,971 - dana: bye
2026-02-21 23:45:15,971 - dana: bye
2026-02-21 23:45:15,971 - dana: bye
2026-02-21 23:45:15,971 - dana: bye
2026-02-21 23:45:15,973 - alice: hi
2026-02-21 23:45:15,973 - alice: hi
2026-02-21 23:45:15,973 - alice: hi
2026-02-21 23:45:15,973 - alice: hi
2026-02-21 23:45:15,973 - alice: hi
2026-02-21 23:45:15,976 - bob: bye
2026-02-21 23:45:15,976 - bob: bye
2026-02-21 23:45:15,976 - bob: bye
2026-02-21 23:45:15,976 - bob: bye
2026-02-21 23:45:15,976 - bob: bye
2026-02-22 02:50:27,023 - test_user: Hello, world!
2026-02-22 02:50:27,023 - test_user: Hello, world!
2026-02-22 02:50:27,057 - carl: hola
2026-02-22 02:50:27,057 - carl: hola
2026-02-22 02:50:27,057 - carl: hola
2026-02-22 02:50:27,057 - carl: hola
2026-02-22 02:50:27,057 - carl: hola
2026-02-22 02:50:27,057 - dana: bye
2026-02-22 02:50:27,057 - dana: bye
2026-02-22 02:50:27,057 - dana: bye
2026-02-22 02:50:27,057 - dana: bye
2026-02-22 02:50:27,057 - dana: bye
2026-02-22 02:50:27,059 - alice: hi
2026-02-22 02:50:27,059 - alice: hi
2026-02-22 02:50:27,059 - alice: hi
2026-02-22 02:50:27,059 - alice: hi
2026-02-22 02:50:27,059 - alice: hi
2026-02-22 02:50:27,060 - bob: bye
2026-02-22 02:50:27,060 - bob: bye
2026-02-22 02:50:27,060 - bob: bye
2026-02-22 02:50:27,060 - bob: bye
2026-02-22 02:50:27,060 - bob: bye
2026-02-22 02:56:47,496 - test_user: Hello, world!
2026-02-22 02:56:47,496 - test_user: Hello, world!
2026-02-22 02:56:47,525 - carl: hola
2026-02-22 02:56:47,525 - carl: hola
2026-02-22 02:56:47,525 - carl: hola
2026-02-22 02:56:47,525 - carl: hola
2026-02-22 02:56:47,525 - carl: hola
2026-02-22 02:56:47,525 - dana: bye
2026-02-22 02:56:47,525 - dana: bye
2026-02-22 02:56:47,525 - dana: bye
2026-02-22 02:56:47,525 - dana: bye
2026-02-22 02:56:47,525 - dana: bye
2026-02-22 02:56:47,527 - alice: hi
2026-02-22 02:56:47,527 - alice: hi
2026-02-22 02:56:47,527 - alice: hi
2026-02-22 02:56:47,527 - alice: hi
2026-02-22 02:56:47,527 - alice: hi
2026-02-22 02:56:47,530 - bob: bye
2026-02-22 02:56:47,530 - bob: bye
2026-02-22 02:56:47,530 - bob: bye
2026-02-22 02:56:47,530 - bob: bye
2026-02-22 02:56:47,530 - bob: bye
2026-02-22 03:18:49,225 - test_user: Hello, world!
2026-02-22 03:18:49,225 - test_user: Hello, world!
2026-02-22 03:18:49,246 - carl: hola
2026-02-22 03:18:49,246 - carl: hola
2026-02-22 03:18:49,246 - carl: hola
2026-02-22 03:18:49,246 - carl: hola
2026-02-22 03:18:49,246 - carl: hola
2026-02-22 03:18:49,247 - dana: bye
2026-02-22 03:18:49,247 - dana: bye
2026-02-22 03:18:49,247 - dana: bye
2026-02-22 03:18:49,247 - dana: bye
2026-02-22 03:18:49,247 - dana: bye
2026-02-22 03:18:49,248 - alice: hi
2026-02-22 03:18:49,248 - alice: hi
2026-02-22 03:18:49,248 - alice: hi
2026-02-22 03:18:49,248 - alice: hi
2026-02-22 03:18:49,248 - alice: hi
2026-02-22 03:18:49,250 - bob: bye
2026-02-22 03:18:49,250 - bob: bye
2026-02-22 03:18:49,250 - bob: bye
2026-02-22 03:18:49,250 - bob: bye
2026-02-22 03:18:49,250 - bob: bye
2026-02-22 03:31:51,803 - test_user: Hello, world!
2026-02-22 03:31:51,803 - test_user: Hello, world!
2026-02-22 03:31:51,832 - carl: hola
2026-02-22 03:31:51,832 - carl: hola
2026-02-22 03:31:51,832 - carl: hola
2026-02-22 03:31:51,832 - carl: hola
2026-02-22 03:31:51,832 - carl: hola
2026-02-22 03:31:51,832 - dana: bye
2026-02-22 03:31:51,832 - dana: bye
2026-02-22 03:31:51,832 - dana: bye
2026-02-22 03:31:51,832 - dana: bye
2026-02-22 03:31:51,832 - dana: bye
2026-02-22 03:31:51,835 - alice: hi
2026-02-22 03:31:51,835 - alice: hi
2026-02-22 03:31:51,835 - alice: hi
2026-02-22 03:31:51,835 - alice: hi
2026-02-22 03:31:51,835 - alice: hi
2026-02-22 03:31:51,837 - bob: bye
2026-02-22 03:31:51,837 - bob: bye
2026-02-22 03:31:51,837 - bob: bye
2026-02-22 03:31:51,837 - bob: bye
2026-02-22 03:31:51,837 - bob: bye
